[dokari.co.id/index.html]
[backblue.gif]
[fade.gif]
[index.html]
[dokari.co.id/wp-content/plugins/super-socializer/images/close.png]
[dokari.co.id/wp-content/plugins/super-socializer/images/logo.png]
[dokari.co.id/wp-content/cache/wpfc-minified/b52c8d680f4f1e891d5a1c79875e8df2/1506680837index.js]
[dokari.co.id/xmlrpc0db0.php]
[dokari.co.id/feed/index.html]
[dokari.co.id/comments/feed/index.html]
[dokari.co.id/wp-includes/wlwmanifest.xml]
[dokari.co.id/wp-json/index.html]
[dokari.co.id/wp-json/oembed/1.0/embedd41e.json]
[dokari.co.id/wp-json/oembed/1.0/embedaf52]
[dokari.co.id/wp-content/themes/genesis/images/favicon.ico]
[dokari.co.id/wp-content/uploads/2017/04/Tugu_Siger.jpg]
[dokari.co.id/wp-content/plugins/revslider/admin/assets/images/dummy.png]
[dokari.co.id/harga-tiket-2/index.html]
[dokari.co.id/pesan-tiket/index.html]
[dokari.co.id/amp/index.html]
[dokari.co.id/wp-content/uploads/2017/09/waykambastrek21-300x158.jpg]
[dokari.co.id/customer-service/index.html]
[dokari.co.id/tentang-kami/index.html]
[dokari.co.id/post/cara-pesan-tiket-travel-lampung-di-dokari-tranz/index.html]
[dokari.co.id/post/armada-mobil/index.html]
[dokari.co.id/wp-content/uploads/2017/09/Pantai-Pasir-Putih-300x199-300x199.jpg]
[dokari.co.id/wp-content/uploads/2017/09/Teluk-Kiluan-300x198-300x198.jpg]
[dokari.co.id/post/menikmati-perjalanan-travel-lampung-dokari-tranz/index.html]
[dokari.co.id/wp-content/uploads/2017/09/5__Menara_Siger_mengadaptasi_bentuk_dari_mahkota_pernikahan_khas_Lampung-300x200.jpg]
[dokari.co.id/post/kenapa-pp-jakarta-lampung-dengan-dokari-tranz/index.html]
[dokari.co.id/post/promo/index.html]
[dokari.co.id/wp-content/uploads/2017/09/Gunung-Krakatau-300x134.jpg]
[dokari.co.id/wp-content/plugins/widget-google-reviews/static/img/powered_by_google_on_white.png]
[dokari.co.id/wp-content/uploads/2017/09/copyscape-banner-white-200x25.png]
[dokari.co.id/wp-login.html]
[dokari.co.id/wp-content/cache/autoptimize/js/autoptimize_77ace636c7baafbb4c072cbaeb6edcf6.js]
[dokari.co.id/index.html]
[dokari.co.id/wp-content/plugins/livemesh-siteorigin-widgets/assets/css/ajax-loader.gif]
[dokari.co.id/wp-content/plugins/livemesh-siteorigin-widgets/assets/css/fonts/icomoon/icomoon91e8.eot]
[dokari.co.id/wp-content/plugins/revslider/public/assets/fonts/revicons/revicons90c6.eot]
[dokari.co.id/wp-content/themes/showcase-pro/css/images/bx_loader.18.delayed]
[dokari.co.id/wp-content/plugins/super-socializer/images/transparent_bg.png]
[dokari.co.id/wp-content/plugins/tablepress/css/tablepress.eot]
[dokari.co.id/wp-content/plugins/jetpack/modules/carousel/images/arrows.png]
[dokari.co.id/wp-content/uploads/2017/04/cropped-logo_cube.png]
[dokari.co.id/wp-content/uploads/2017/09/bg2.png]
[dokari.co.id/wp-content/plugins/so-widgets-bundle/widgets/features/css/fonts/feature-background.eot]
[dokari.co.id/wp-content/cache/wpfc-minified/c16f71ece91d518912f60200f0d7c460/1517225960index.css]
[dokari.co.id/wp-content/plugins/so-widgets-bundle/icons/fontawesome/font/fontawesome-webfont3e6e.eot]
[dokari.co.id/xmlrpc.php]
[dokari.co.id/wp-content/plugins/accelerated-mobile-pages/templates/design-manager/design-1/fonts/Merriweather-Regular.ttf]
[dokari.co.id/wp-content/plugins/accelerated-mobile-pages/templates/design-manager/design-1/fonts/Merriweather-Bold.ttf]
[dokari.co.id/wp-content/plugins/accelerated-mobile-pages/templates/design-manager/design-1/fonts/Merriweather-Italic.ttf]
[dokari.co.id/wp-content/plugins/accelerated-mobile-pages/templates/design-manager/design-1/fonts/Merriweather-BoldItalic.ttf]
[dokari.co.id/wp-content/plugins/accelerated-mobile-pages/images/placeholder-icon.png]
[dokari.co.id/harga-tiket-2]
[dokari.co.id/wp-content/uploads/2017/09/revw1-300x218.png]
[dokari.co.id/amp-home/index.html]
[dokari.co.id/form-pendaftaran-promo-jalan-jalan-gratis/index.html]
[dokari.co.id/berita/index.html]
[dokari.co.id/wp-content/uploads/2017/09/revw2-300x199.png]
[dokari.co.id/amp/index.html]
[dokari.co.id/wp-json/oembed/1.0/embedece5.json]
[dokari.co.id/wp-json/oembed/1.0/embeddb99]
[dokari.co.id/wp-content/cache/autoptimize/js/autoptimize_255dc46f28434cb59cceede869cbf178.js]
[dokari.co.id/harga-tiket-2/index.html]
[dokari.co.id/harga-tiket-2/amp/index.html]
[dokari.co.id/wp-json/oembed/1.0/embed6bce.json]
[dokari.co.id/wp-json/oembed/1.0/embed434d]
[dokari.co.id/wp-content/cache/autoptimize/js/autoptimize_623439c4c81ea8a4bba61e9aad25151b.js]
[dokari.co.id/pesan-tiket/index.html]
[dokari.co.id/pesan-tiket/amp/index.html]
[dokari.co.id/wp-json/oembed/1.0/embed032a.json]
[dokari.co.id/wp-json/oembed/1.0/embed9b7d]
[dokari.co.id/wp-content/uploads/2017/04/cropped-logo_cube-300x86.png]
[dokari.co.id/tentang-kami/amp/index.html]
[dokari.co.id/wp-content/cache/autoptimize/js/autoptimize_c5e6be22df01324284bdf49bf68bf25f.js]
[dokari.co.id/tentang-kami/index.html]
[dokari.co.id/wp-json/oembed/1.0/embed37ef.json]
[dokari.co.id/wp-json/oembed/1.0/embed3322]
[dokari.co.id/wp-content/cache/autoptimize/js/autoptimize_96d9f07bd725639a5ed5618ca74df9cb.js]
[dokari.co.id/customer-service/index.html]
[dokari.co.id/customer-service/amp/index.html]
[dokari.co.id/wp-json/oembed/1.0/embed.3b5e0a.delayed]
[dokari.co.id/post/cara-pesan-tiket-travel-lampung-di-dokari-tranz/feed/index.html]
[dokari.co.id/wp-json/oembed/1.0/embed683b]
[dokari.co.id/wp-content/cache/autoptimize/js/autoptimize_8363fa2d38e65d1e87edb01e65204f89.js]
[dokari.co.id/post/cara-pesan-tiket-travel-lampung-di-dokari-tranz/index.html]
[dokari.co.id/post/cara-pesan-tiket-travel-lampung-di-dokari-tranz/amp/index.html]
[dokari.co.id/post/category/uncategorized/index.html]
[dokari.co.id/wp-json/oembed/1.0/embed807d.json]
[dokari.co.id/post/armada-mobil/feed/index.html]
[dokari.co.id/wp-json/oembed/1.0/embedbd6e]
[dokari.co.id/wp-content/uploads/2017/04/IMG-20170416-WA0024-300x169.jpg]
[dokari.co.id/post/armada-mobil/amp/index.html]
[dokari.co.id/wp-content/uploads/2017/04/IMG-20170416-WA0019-300x300.jpg]
[dokari.co.id/wp-content/uploads/2017/04/IMG-20170416-WA0020-300x169.jpg]
[dokari.co.id/wp-content/uploads/2017/04/IMG-20170416-WA0029.jpg]
[dokari.co.id/wp-content/uploads/2017/04/IMG_20161021_213744-1-300x225.jpg]
[dokari.co.id/wp-content/uploads/2017/04/IMG-20170416-WA0018-300x300.jpg]
[dokari.co.id/wp-content/uploads/2017/04/IMG-20170416-WA0027-300x112.jpg]
[dokari.co.id/wp-content/uploads/2017/04/IMG-20170416-WA0022-300x300.jpg]
[dokari.co.id/wp-content/uploads/2017/04/IMG-20170417-WA0005-300x300.jpg]
[dokari.co.id/wp-content/uploads/2017/04/IMG-20170416-WA0015-300x300.jpg]
[dokari.co.id/wp-content/uploads/2017/04/IMG-20170416-WA0017-300x169.jpg]
[dokari.co.id/wp-content/uploads/2017/04/IMG-20170416-WA0016-300x169.jpg]
[dokari.co.id/wp-content/uploads/2017/04/IMG-20170417-WA0004-300x225.jpg]
[dokari.co.id/wp-content/uploads/2017/04/IMG-20170416-WA0025-300x169.jpg]
[dokari.co.id/post/armada-mobil/index.html]
[dokari.co.id/wp-json/oembed/1.0/embedaf78.json]
[dokari.co.id/wp-json/oembed/1.0/embedad5a]
[dokari.co.id/wp-content/uploads/2017/09/lampung.jpg]
[dokari.co.id/post/menikmati-perjalanan-travel-lampung-dokari-tranz/feed/index.html]
[dokari.co.id/post/menikmati-perjalanan-travel-lampung-dokari-tranz/amp/index.html]
[dokari.co.id/wp-content/uploads/2017/09/lampung-300x225.jpg]
[dokari.co.id/post/category/travel-jakarta/index.html]
[dokari.co.id/post/menikmati-perjalanan-travel-lampung-dokari-tranz/index.html]
[dokari.co.id/post/category/travel-lampung/index.html]
[dokari.co.id/post/tag/agen-travel-lampung/index.html]
[dokari.co.id/post/tag/agen-travel-lampung-murah/index.html]
[dokari.co.id/wp-json/oembed/1.0/embed6df1.json]
[dokari.co.id/post/tag/mobil-travel/index.html]
[dokari.co.id/post/tag/agen-travel-mobil-lampung/index.html]
[dokari.co.id/post/tag/travel-jakarta-lampung/index.html]
[dokari.co.id/post/tag/travel-jakarta-lampung-pp/index.html]
[dokari.co.id/wp-json/oembed/1.0/embedccc5]
[dokari.co.id/post/kenapa-pp-jakarta-lampung-dengan-dokari-tranz/index.html]
[dokari.co.id/post/tag/travel-murah-di-jakarta-ke-lampung/index.html]
[dokari.co.id/post/tag/travel-jalur-darat/index.html]
[dokari.co.id/post/tag/travel-murah-jakarta-lampung/index.html]
[dokari.co.id/post/tag/travel-murah-lampung/index.html]
[dokari.co.id/post/category/travel-palembang/index.html]
[dokari.co.id/post/tag/travel-lampung/index.html]
[dokari.co.id/post/kenapa-pp-jakarta-lampung-dengan-dokari-tranz/amp/index.html]
[dokari.co.id/wp-json/oembed/1.0/embed2757.json]
[dokari.co.id/post/kenapa-pp-jakarta-lampung-dengan-dokari-tranz/feed/index.html]
[dokari.co.id/post/tag/travel-lampung-murah/index.html]
[dokari.co.id/post/promo/feed/index.html]
[dokari.co.id/wp-json/oembed/1.0/embedc276]
[dokari.co.id/post/promo/index.html]
[dokari.co.id/wp-content/plugins/widget-google-reviews/static/js/wpac-time9537.js]
[dokari.co.id/post/promo/amp/index.html]
[dokari.co.id/post/category/promo/index.html]
[dokari.co.id/post/tag/travel-jawa-sumatera/index.html]
[dokari.co.id/wp-loginc2b6.html]
[dokari.co.id/wp-content/plugins/super-socializer/js/front/combined2498.js]
[dokari.co.id/wp-login.html]
[dokari.co.id/wp-content/themes/showcase-pro/css/images/bx_loader.html]
[dokari.co.id/wp-json/oembed/1.0/embed6e09.json]
[dokari.co.id/wp-json/oembed/1.0/embed5fa6]
[dokari.co.id/wp-content/cache/autoptimize/js/autoptimize_a1513f66695e7380b20890297f94da31.js]
[dokari.co.id/amp-home/index.html]
[dokari.co.id/wp-content/uploads/2017/04/IMG-20170417-WA0004-800x500.jpg]
[dokari.co.id/berita/index.html]
[dokari.co.id/wp-content/uploads/2017/09/lampung-900x500.jpg]
[dokari.co.id/amp-home/amp/index.html]
[dokari.co.id/berita/amp/index.html]
[dokari.co.id/berita/page/2/index.html]
[dokari.co.id/wp-json/oembed/1.0/embed48d8.json]
[dokari.co.id/wp-json/oembed/1.0/embedba6b]
[dokari.co.id/wp-content/cache/autoptimize/js/autoptimize_4314674596daac106a633904d79de9bb.js]
[dokari.co.id/form-pendaftaran-promo-jalan-jalan-gratis/index.html]
[dokari.co.id/harga-tiket-2.html]
[dokari.co.id/wp-content/cache/wpfc-minified/13aa6dc59da84c96bd64c0f9f161c3c3/1517374973index.css]
[dokari.co.id/harga-tiket-2/amp/index.html]
[dokari.co.id/wp-content/cache/wpfc-minified/6b4cfe66ac96553e8687e6e1a1ce0c88/1517375124index.css]
[dokari.co.id/wp-content/plugins/ninja-forms/assets/img/help-info.png]
[dokari.co.id/wp-content/cache/wpfc-minified/dc4f15f39ebe8c13025e3fd645560d47/1506680837index.css]
[dokari.co.id/pesan-tiket/amp/index.html]
[dokari.co.id/wp-content/cache/wpfc-minified/41a099a087fd09a8eb98a597d443a374/1517465065index.css]
[dokari.co.id/tentang-kami/amp/index.html]
[dokari.co.id/wp-content/cache/wpfc-minified/3a45ece0918978dbdde7daabbfa810cb/1517277450index.css]
[dokari.co.id/customer-service/amp/index.html]
[dokari.co.id/wp-content/cache/wpfc-minified/304b03aa85040bbd0455be1fb1ad1c81/1517250411index.css]
[dokari.co.id/post/cara-pesan-tiket-travel-lampung-di-dokari-tranz/amp/index.html]
[dokari.co.id/wp-includes/fonts/dashicons.eot]
[dokari.co.id/form-pendaftaran-promo-jalan-jalan-gratis/amp/index.html]
[dokari.co.id/post/category/uncategorized/index.html]
[dokari.co.id/post/category/uncategorized/feed/index.html]
[dokari.co.id/post/cara-pesan-tiket-travel-lampung-di-dokari-tranz/indexa5b0.html]
[dokari.co.id/post/armada-mobil/amp/index.html]
[dokari.co.id/post/menikmati-perjalanan-travel-lampung-dokari-tranz/amp/index.html]
[dokari.co.id/post/category/travel-jakarta/index.html]
[dokari.co.id/post/armada-mobil/indexa5b0.html]
[dokari.co.id/post/category/uncategorized/amp/index.html]
[dokari.co.id/post/menikmati-perjalanan-travel-lampung-dokari-tranz/indexa5b0.html]
[dokari.co.id/post/category/travel-lampung/index.html]
[dokari.co.id/post/category/travel-jakarta/page/2/index.html]
[dokari.co.id/post/travel-agent-jakarta-lampung/amp/index.html]
[dokari.co.id/post/category/travel-jakarta/feed/index.html]
[dokari.co.id/post/category/travel-lampung/feed/index.html]
[dokari.co.id/post/category/travel-lampung/page/2/index.html]
[dokari.co.id/post/tag/agen-travel-lampung/index.html]
[dokari.co.id/post/category/travel-lampung/amp/index.html]
[dokari.co.id/post/tag/agen-travel-lampung/feed/index.html]
[dokari.co.id/post/travel-agent-jakarta-lampung/index.html]
[dokari.co.id/post/tag/agen-travel-lampung-murah/index.html]
[dokari.co.id/post/tag/agen-travel-mobil-lampung/index.html]
[dokari.co.id/post/tag/mobil-travel/index.html]
[dokari.co.id/post/tag/agen-travel-lampung-murah/feed/index.html]
[dokari.co.id/post/tag/agen-travel-mobil-lampung/feed/index.html]
[dokari.co.id/post/tag/travel-jakarta-lampung/index.html]
[dokari.co.id/post/tag/mobil-travel/feed/index.html]
[dokari.co.id/post/tag/travel-jakarta-lampung/feed/index.html]
[dokari.co.id/post/tag/travel-jakarta-lampung-pp/index.html]
[dokari.co.id/post/tag/travel-jalur-darat/index.html]
[dokari.co.id/post/tag/travel-jakarta-lampung-pp/feed/index.html]
[dokari.co.id/post/tag/travel-jalur-darat/feed/index.html]
[dokari.co.id/post/tag/travel-jakarta-lampung-pp/page/2/index.html]
[dokari.co.id/post/tag/travel-murah-di-jakarta-ke-lampung/index.html]
[dokari.co.id/post/tag/travel-murah-jakarta-lampung/index.html]
[dokari.co.id/post/tag/travel-murah-di-jakarta-ke-lampung/feed/index.html]
[dokari.co.id/post/tag/travel-murah-jakarta-lampung/feed/index.html]
[dokari.co.id/post/tag/travel-murah-lampung/index.html]
[dokari.co.id/post/kenapa-pp-jakarta-lampung-dengan-dokari-tranz/amp/index.html]
[dokari.co.id/post/tag/travel-murah-lampung/feed/index.html]
[dokari.co.id/post/kenapa-pp-jakarta-lampung-dengan-dokari-tranz/indexa5b0.html]
[dokari.co.id/post/category/travel-palembang/index.html]
[dokari.co.id/post/tag/travel-lampung/index.html]
[dokari.co.id/post/tag/travel-lampung-murah/index.html]
[dokari.co.id/post/category/travel-palembang/feed/index.html]
[dokari.co.id/post/tag/travel-lampung/feed/index.html]
[dokari.co.id/post/tag/travel-lampung-murah/feed/index.html]
[dokari.co.id/wp-content/cache/wpfc-minified/304ba3496e50c061e6b22762a22b9f0e/1517591852index.css]
[dokari.co.id/post/promo/amp/index.html]
[dokari.co.id/post/category/promo/index.html]
[dokari.co.id/post/tag/travel-jawa-sumatera/index.html]
[dokari.co.id/wp-content/plugins/widget-google-reviews/static/css/google-review9537.css]
[dokari.co.id/post/promo/indexa5b0.html]
[dokari.co.id/wp-content/plugins/super-socializer/images/login/login.png]
[dokari.co.id/post/tag/travel-jawa-sumatera/feed/index.html]
[dokari.co.id/post/category/promo/feed/index.html]
[dokari.co.id/wp-content/plugins/super-socializer/css/front2498.css]
[dokari.co.id/wp-content/plugins/super-socializer/css/share-svg2498.css]
[dokari.co.id/wp-loginc2b6.html]
[dokari.co.id/wp-content/plugins/jetpack/modules/carousel/images/arrows-2x.png]
[dokari.co.id/wp-content/plugins/jetpack/modules/carousel/images/carousel-spritee4da.png]
[dokari.co.id/wp-content/plugins/jetpack/modules/carousel/images/carousel-sprite-2xe4da.png]
[dokari.co.id/wp-content/plugins/jetpack/modules/shortcodes/img/slideshow-controls.png]
[dokari.co.id/wp-content/plugins/jetpack/modules/shortcodes/img/slideshow-controls-2x.png]
[dokari.co.id/wp-content/plugins/jetpack/modules/shortcodes/images/slide-nav.png]
[dokari.co.id/wp-content/plugins/jetpack/modules/shortcodes/images/expand.png]
[dokari.co.id/wp-content/plugins/jetpack/modules/shortcodes/images/collapse.png]
[dokari.co.id/wp-content/plugins/jetpack/css/jetpacka78f.css]
[dokari.co.id/amp-home/amp/index.html]
[dokari.co.id/berita/amp/index.html]
[dokari.co.id/berita/page/2/index.html]
[dokari.co.id/wp-content/cache/wpfc-minified/81615bf7097b0395e544249a78886102/1520519130index.css]
[dokari.co.id/form-pendaftaran-promo-jalan-jalan-gratis/amp/index.html]
[dokari.co.id/berita/amp/page/2/index.html]
[dokari.co.id/post/category/uncategorized.72.delayed]
[dokari.co.id/post/category/uncategorized/amp/index.html]
[dokari.co.id/wp-includes/js/jquery/jqueryb8ff.js]
[dokari.co.id/post/cara-pesan-tiket-travel-lampung-di-dokari-tranz/indexa5b0.html]
[dokari.co.id/post/armada-mobil/indexa5b0.html]
[dokari.co.id/post/category/travel-lampung.76.delayed]
[dokari.co.id/post/category/travel-lampung/amp/index.html]
[dokari.co.id/post/menikmati-perjalanan-travel-lampung-dokari-tranz/indexa5b0.html]
[dokari.co.id/post/travel-agent-jakarta-lampung/amp/index.html]
[dokari.co.id/post/category/travel-jakarta/page/2/index.html]
[dokari.co.id/post/category/travel-lampung/page/2/index.html]
[dokari.co.id/post/travel-agent-jakarta-lampung/indexa5b0.html]
[dokari.co.id/wp-json/oembed/1.0/embedee28.json]
[dokari.co.id/post/travel-agent-jakarta-lampung/feed/index.html]
[dokari.co.id/wp-json/oembed/1.0/embedf8d9]
[dokari.co.id/post/travel-agent-jakarta-lampung/index.html]
[dokari.co.id/post/tag/travel-jakarta-lampung-pp/page/2/index.html]
[dokari.co.id/post/kenapa-pp-jakarta-lampung-dengan-dokari-tranz/indexa5b0.html]
[dokari.co.id/post/tag/agen-travel-jakarta-lampung/index.html]
[dokari.co.id/post/promo/indexa5b0.html]
[dokari.co.id/berita/amp/page/2/index.html]
[dokari.co.id/wp-content/cache/autoptimize/css/autoptimize_0392de2f98682d01ff2cd5a505dea3f0.css]
[dokari.co.id/post/travel-agent-jakarta-lampung/indexa5b0.html]
[dokari.co.id/post/tag/agen-travel-jakarta-lampung/index.html]
[dokari.co.id/post/tag/agen-travel-jakarta-lampung/feed/index.html]
[dokari.co.id/wp-content/cache/autoptimize/css/autoptimize_e13df44be05808e1216ff13abee2f0d8.css]
